../Core/Src/main.c:176:5:main	8	static
../Core/Src/main.c:309:6:SystemClock_Config	88	static
../Core/Src/main.c:356:13:MX_ADC1_Init	56	static
../Core/Src/main.c:424:13:MX_ADC2_Init	40	static
../Core/Src/main.c:492:13:MX_LPUART1_UART_Init	8	static
../Core/Src/main.c:539:13:MX_TIM1_Init	120	static
../Core/Src/main.c:625:13:MX_TIM2_Init	64	static
../Core/Src/main.c:688:13:MX_TIM3_Init	56	static
../Core/Src/main.c:737:13:MX_TIM5_Init	40	static
../Core/Src/main.c:782:13:MX_GPIO_Init	48	static
../Core/Src/main.c:819:6:ADC_Read_blocking	16	static
../Core/Src/main.c:834:6:HAL_TIM_PeriodElapsedCallback	40	static
../Core/Src/main.c:852:6:HAL_ADC_ConvCpltCallback	16	static
../Core/Src/main.c:866:6:Rmotor	4	static
../Core/Src/main.c:870:6:Lmotor	4	static
../Core/Src/main.c:875:6:QEI_Rmotor	4	static
../Core/Src/main.c:880:6:QEI_Lmotor	4	static
../Core/Src/main.c:885:6:QEI_Stopmotor	4	static
../Core/Src/main.c:891:6:Stopmotor	4	static
../Core/Src/main.c:897:6:EX1_PID	8	static
../Core/Src/main.c:911:6:EX2_PID	8	static
../Core/Src/main.c:923:6:EX3	24	static
../Core/Src/main.c:953:6:HAL_GPIO_EXTI_Callback	16	static
../Core/Src/main.c:963:7:led1	8	static
../Core/Src/main.c:965:7:led2	8	static
../Core/Src/main.c:967:7:led3	8	static
../Core/Src/main.c:976:7:avg	16	static
../Core/Src/main.c:990:7:UARTInterruptConfig	8	static
../Core/Src/main.c:994:7:HAL_UART_RxCpltCallback	16	static
../Core/Src/main.c:1018:10:micros	12	static
../Core/Src/main.c:1029:6:Error_Handler	4	static,ignoring_inline_asm
